hardcore/arena.are
hardcore/builder.are
hardcore/caravan.are
hardcore/dungeon.are
hardcore/griffon.are
hardcore/guilds.are
hardcore/help.are
hardcore/limbo.are
hardcore/merc.are
hardcore/roads.are
hardcore/rot.are
hardcore/training.are

newareas/ethe.are
newareas/aquarius.are

necentral/deeve.are
necentral/elvenempire.are
necentral/elvenvalley.are
necentral/firenewts.are
necentral/ofcol.are
necentral/plainsnorth.are
necentral/sundome.are
necentral/underworld.are

nwcentral/gahld.are
nwcentral/kytar.are
nwcentral/wonderland.are
nwcentral/zaar.are

secentral/alchemist.are
secentral/arachnos.are
secentral/ecanyon.are
secentral/gnomevillage.are
secentral/haondor.are
secentral/hive.are
secentral/honestbob.are
secentral/refuge.are
secentral/tanglewood.are
secentral/thalos.are
secentral/virtue.are
secentral/wedding.are

swcentral/arden.are
swcentral/avernus.are
swcentral/cityentropy.are
swcentral/cityofruins.are
swcentral/dragonhaven.are
swcentral/gateway.are
swcentral/kolvir.are
swcentral/marsh.are
swcentral/paragon.are
swcentral/raptor.are
swcentral/swampland.are
swcentral/volcano.are
swcentral/wyvern.are

ncontinent/darkempire.are
ncontinent/demise.are
ncontinent/gnomeempire.are
ncontinent/isleofmist.are
ncontinent/landofnot.are
ncontinent/menosmaze.are
ncontinent/mistcity.are
ncontinent/oceancity.are
ncontinent/redknight.are
ncontinent/trollisland.are

econtinent/air.are
econtinent/abyssaldepths.are
econtinent/holygrove.are
econtinent/manitoumarsh.are
econtinent/medusacastle.are
econtinent/midgaard.are
econtinent/monsterpit.are
econtinent/mooncity.are
econtinent/mushroom.are
econtinent/olympus.are
econtinent/savant.are
econtinent/thalosold.are
econtinent/university.are
econtinent/whisperingwoods.are
econtinent/yggdrasil.are

scontinent/antarctica.are
scontinent/bosher.are
scontinent/keepmahntor.are
scontinent/sharthea.are

wcontinent/barrow.are
wcontinent/bomanz.are
wcontinent/calimara.are
wcontinent/elvencity.are
wcontinent/gaia.are
wcontinent/orcvillage.are
wcontinent/phoenixpeak.are
wcontinent/plainsfear.are

castle/castles.are
$