Z     Netooio ( 7x Level 95)      Artanus ( 6x Level 90) Fri Jan 28 21:32:30 2005~
Z         Who ( 5x Level 95) GeorgeDickel ( 7x Level 95) Mon Jan 31 07:13:32 2005~
Z      Hanzou ( 2x Level 95)       Thrash ( 3x Level 89) Wed Feb  2 08:35:55 2005~
Z  Conviction ( 3x Level 95)       Thrash ( 3x Level 89) Thu Feb  3 08:39:06 2005~
Z     Musashi ( 4x Level 95)         Rica ( 3x Level 95) Fri Feb  4 09:00:58 2005~
Z      Hanzou ( 2x Level 95)       Thrash ( 3x Level 89) Sat Feb 19 07:39:08 2005~
Z      Vhalor ( 1x Level 33)  Hippocrates ( 1x Level 34) Sun Apr  3 23:01:52 2005~
Z      Lacuna ( 1x Level 95)       Jigsaw ( 1x Level 86) Sat Apr 23 01:46:29 2005~
Z      Lacuna ( 1x Level 95)  Hippocrates ( 1x Level 85) Sat Apr 23 01:46:47 2005~
Z     Inferno ( 3x Level 95) EvanWilliams ( 3x Level 85) Sat Apr 23 20:34:42 2005~
Z       Osuka ( 0x Level 36)    Judgement ( 0x Level 26) Sat Apr 23 20:48:18 2005~
Z      Destro ( 0x Level 35)    Judgement ( 0x Level 30) Wed Apr 27 04:11:58 2005~
Z         Kaz ( 1x Level 95)       Jigsaw ( 1x Level 93) Fri Apr 29 02:20:28 2005~
Z     Recante ( 1x Level 95)      Eclipse ( 1x Level 91) Sat Apr 30 01:37:27 2005~
Z      Lacuna ( 1x Level 95)     Genocide ( 1x Level 93) Sat Apr 30 06:12:57 2005~
Z      Lacuna ( 1x Level 95)  Hippocrates ( 1x Level 94) Sat Apr 30 06:18:27 2005~
Z      Lacuna ( 1x Level 95)       Jigsaw ( 1x Level 94) Sat Apr 30 06:18:56 2005~
Z      Lacuna ( 1x Level 95)        Akido ( 1x Level 95) Sat Apr 30 13:21:32 2005~
Z    Revenant ( 0x Level 36)    Judgement ( 0x Level 32) Sat Apr 30 15:31:51 2005~
Z      Satana ( 6x Level 95)        Elric ( 5x Level 95) Tue May  3 18:19:56 2005~
Z    Revenant ( 0x Level 46)   Fakinsupah ( 0x Level 44) Sun May  8 00:21:38 2005~
Z     Merkaba ( 3x Level 95)         Tarc ( 2x Level 92) Sat May 21 01:19:04 2005~
Z     Merkaba ( 3x Level 95)      Inferno ( 3x Level 95) Sat May 21 01:19:32 2005~
Z     Merkaba ( 3x Level 95)    Ungoliant ( 3x Level 95) Sat May 21 01:19:51 2005~
Z     Merkaba ( 3x Level 95)      Inferno ( 3x Level 94) Sat May 28 15:04:40 2005~
$~
XXXXXXXXXX
#data/victory.lst
